INFO:     Started server process [9892]
INFO:     Waiting for application startup.
INFO:     Application startup complete.
INFO:     Uvicorn running on http://127.0.0.1:8300 (Press CTRL+C to quit)
ERROR:    Exception in ASGI application
Traceback (most recent call last):
  File "C:\Users\User\Desktop\币安量化测试\QuantDesk-NG\.venv\Lib\site-packages\sqlalchemy\engine\base.py", line 1969, in _exec_single_context
    self.dialect.do_execute(
  File "C:\Users\User\Desktop\币安量化测试\QuantDesk-NG\.venv\Lib\site-packages\sqlalchemy\engine\default.py", line 952, in do_execute
    cursor.execute(statement, parameters)
  File "C:\Users\User\Desktop\币安量化测试\QuantDesk-NG\.venv\Lib\site-packages\pymysql\cursors.py", line 159, in execute
    result = self._query(query)
             ^^^^^^^^^^^^^^^^^^
  File "C:\Users\User\Desktop\币安量化测试\QuantDesk-NG\.venv\Lib\site-packages\pymysql\cursors.py", line 330, in _query
    conn.query(q)
  File "C:\Users\User\Desktop\币安量化测试\QuantDesk-NG\.venv\Lib\site-packages\pymysql\connections.py", line 582, in query
    self._affected_rows = self._read_query_result(unbuffered=unbuffered)
                          ^^^^^^^^^^^^^^^^^^^^^^^^^^^^^^^^^^^^^^^^^^^^^^
  File "C:\Users\User\Desktop\币安量化测试\QuantDesk-NG\.venv\Lib\site-packages\pymysql\connections.py", line 847, in _read_query_result
    result.read()
  File "C:\Users\User\Desktop\币安量化测试\QuantDesk-NG\.venv\Lib\site-packages\pymysql\connections.py", line 1252, in read
    self._read_result_packet(first_packet)
  File "C:\Users\User\Desktop\币安量化测试\QuantDesk-NG\.venv\Lib\site-packages\pymysql\connections.py", line 1329, in _read_result_packet
    self._read_rowdata_packet()
  File "C:\Users\User\Desktop\币安量化测试\QuantDesk-NG\.venv\Lib\site-packages\pymysql\connections.py", line 1376, in _read_rowdata_packet
    packet = self.connection._read_packet()
             ^^^^^^^^^^^^^^^^^^^^^^^^^^^^^^
  File "C:\Users\User\Desktop\币安量化测试\QuantDesk-NG\.venv\Lib\site-packages\pymysql\connections.py", line 803, in _read_packet
    packet.raise_for_error()
  File "C:\Users\User\Desktop\币安量化测试\QuantDesk-NG\.venv\Lib\site-packages\pymysql\protocol.py", line 219, in raise_for_error
    err.raise_mysql_exception(self._data)
  File "C:\Users\User\Desktop\币安量化测试\QuantDesk-NG\.venv\Lib\site-packages\pymysql\err.py", line 154, in raise_mysql_exception
    raise errorclass(errno, errval, sqlstate=sqlstate)
pymysql.err.InternalError: (5, 'Out of memory (Needed 2097120 bytes)')

The above exception was the direct cause of the following exception:

Traceback (most recent call last):
  File "C:\Users\User\Desktop\币安量化测试\QuantDesk-NG\src\quantdesk_v2\monitor.py", line 315, in _query
    return [dict(row) for row in connection.execute(statement, values).mappings()]
                                 ^^^^^^^^^^^^^^^^^^^^^^^^^^^^^^^^^^^^^
  File "C:\Users\User\Desktop\币安量化测试\QuantDesk-NG\.venv\Lib\site-packages\sqlalchemy\engine\base.py", line 1421, in execute
    return meth(
           ^^^^^
  File "C:\Users\User\Desktop\币安量化测试\QuantDesk-NG\.venv\Lib\site-packages\sqlalchemy\sql\elements.py", line 526, in _execute_on_connection
    return connection._execute_clauseelement(
           ^^^^^^^^^^^^^^^^^^^^^^^^^^^^^^^^^^
  File "C:\Users\User\Desktop\币安量化测试\QuantDesk-NG\.venv\Lib\site-packages\sqlalchemy\engine\base.py", line 1643, in _execute_clauseelement
    ret = self._execute_context(
          ^^^^^^^^^^^^^^^^^^^^^^
  File "C:\Users\User\Desktop\币安量化测试\QuantDesk-NG\.venv\Lib\site-packages\sqlalchemy\engine\base.py", line 1848, in _execute_context
    return self._exec_single_context(
           ^^^^^^^^^^^^^^^^^^^^^^^^^^
  File "C:\Users\User\Desktop\币安量化测试\QuantDesk-NG\.venv\Lib\site-packages\sqlalchemy\engine\base.py", line 1988, in _exec_single_context
    self._handle_dbapi_exception(
  File "C:\Users\User\Desktop\币安量化测试\QuantDesk-NG\.venv\Lib\site-packages\sqlalchemy\engine\base.py", line 2365, in _handle_dbapi_exception
    raise sqlalchemy_exception.with_traceback(exc_info[2]) from e
  File "C:\Users\User\Desktop\币安量化测试\QuantDesk-NG\.venv\Lib\site-packages\sqlalchemy\engine\base.py", line 1969, in _exec_single_context
    self.dialect.do_execute(
  File "C:\Users\User\Desktop\币安量化测试\QuantDesk-NG\.venv\Lib\site-packages\sqlalchemy\engine\default.py", line 952, in do_execute
    cursor.execute(statement, parameters)
  File "C:\Users\User\Desktop\币安量化测试\QuantDesk-NG\.venv\Lib\site-packages\pymysql\cursors.py", line 159, in execute
    result = self._query(query)
             ^^^^^^^^^^^^^^^^^^
  File "C:\Users\User\Desktop\币安量化测试\QuantDesk-NG\.venv\Lib\site-packages\pymysql\cursors.py", line 330, in _query
    conn.query(q)
  File "C:\Users\User\Desktop\币安量化测试\QuantDesk-NG\.venv\Lib\site-packages\pymysql\connections.py", line 582, in query
    self._affected_rows = self._read_query_result(unbuffered=unbuffered)
                          ^^^^^^^^^^^^^^^^^^^^^^^^^^^^^^^^^^^^^^^^^^^^^^
  File "C:\Users\User\Desktop\币安量化测试\QuantDesk-NG\.venv\Lib\site-packages\pymysql\connections.py", line 847, in _read_query_result
    result.read()
  File "C:\Users\User\Desktop\币安量化测试\QuantDesk-NG\.venv\Lib\site-packages\pymysql\connections.py", line 1252, in read
    self._read_result_packet(first_packet)
  File "C:\Users\User\Desktop\币安量化测试\QuantDesk-NG\.venv\Lib\site-packages\pymysql\connections.py", line 1329, in _read_result_packet
    self._read_rowdata_packet()
  File "C:\Users\User\Desktop\币安量化测试\QuantDesk-NG\.venv\Lib\site-packages\pymysql\connections.py", line 1376, in _read_rowdata_packet
    packet = self.connection._read_packet()
             ^^^^^^^^^^^^^^^^^^^^^^^^^^^^^^
  File "C:\Users\User\Desktop\币安量化测试\QuantDesk-NG\.venv\Lib\site-packages\pymysql\connections.py", line 803, in _read_packet
    packet.raise_for_error()
  File "C:\Users\User\Desktop\币安量化测试\QuantDesk-NG\.venv\Lib\site-packages\pymysql\protocol.py", line 219, in raise_for_error
    err.raise_mysql_exception(self._data)
  File "C:\Users\User\Desktop\币安量化测试\QuantDesk-NG\.venv\Lib\site-packages\pymysql\err.py", line 154, in raise_mysql_exception
    raise errorclass(errno, errval, sqlstate=sqlstate)
sqlalchemy.exc.InternalError: (pymysql.err.InternalError) (5, 'Out of memory (Needed 2097120 bytes)')
[SQL: 
            SELECT s.symbol, s.score FROM scores s
            JOIN (SELECT symbol, MAX(open_time) mo FROM scores WHERE tf='1h' GROUP BY symbol) m
            ON s.symbol=m.symbol AND s.open_time=m.mo WHERE s.tf='1h'
            ]
(Background on this error at: https://sqlalche.me/e/20/2j85)

The above exception was the direct cause of the following exception:

Traceback (most recent call last):
  File "C:\Users\User\Desktop\币安量化测试\QuantDesk-NG\.venv\Lib\site-packages\uvicorn\protocols\http\httptools_impl.py", line 422, in run_asgi
    result = await app(  # type: ignore[func-returns-value]
             ^^^^^^^^^^^^^^^^^^^^^^^^^^^^^^^^^^^^^^^^^^^^^^
  File "C:\Users\User\Desktop\币安量化测试\QuantDesk-NG\.venv\Lib\site-packages\uvicorn\middleware\proxy_headers.py", line 63, in __call__
    return await self.app(scope, receive, send)
           ^^^^^^^^^^^^^^^^^^^^^^^^^^^^^^^^^^^^
  File "C:\Users\User\Desktop\币安量化测试\QuantDesk-NG\.venv\Lib\site-packages\fastapi\applications.py", line 1163, in __call__
    await super().__call__(scope, receive, send)
  File "C:\Users\User\Desktop\币安量化测试\QuantDesk-NG\.venv\Lib\site-packages\starlette\applications.py", line 90, in __call__
    await self.middleware_stack(scope, receive, send)
  File "C:\Users\User\Desktop\币安量化测试\QuantDesk-NG\.venv\Lib\site-packages\starlette\middleware\errors.py", line 186, in __call__
    raise exc
  File "C:\Users\User\Desktop\币安量化测试\QuantDesk-NG\.venv\Lib\site-packages\starlette\middleware\errors.py", line 164, in __call__
    await self.app(scope, receive, _send)
  File "C:\Users\User\Desktop\币安量化测试\QuantDesk-NG\.venv\Lib\site-packages\starlette\middleware\base.py", line 193, in __call__
    response = await self.dispatch_func(request, call_next)
               ^^^^^^^^^^^^^^^^^^^^^^^^^^^^^^^^^^^^^^^^^^^^
  File "C:\Users\User\Desktop\币安量化测试\QuantDesk-NG\src\quantdesk_v2\main.py", line 104, in dispatch
    response = await call_next(request)
               ^^^^^^^^^^^^^^^^^^^^^^^^
  File "C:\Users\User\Desktop\币安量化测试\QuantDesk-NG\.venv\Lib\site-packages\starlette\middleware\base.py", line 168, in call_next
    raise app_exc from app_exc.__cause__ or app_exc.__context__
  File "C:\Users\User\Desktop\币安量化测试\QuantDesk-NG\.venv\Lib\site-packages\starlette\middleware\base.py", line 144, in coro
    await self.app(scope, receive_or_disconnect, send_no_error)
  File "C:\Users\User\Desktop\币安量化测试\QuantDesk-NG\.venv\Lib\site-packages\starlette\middleware\cors.py", line 88, in __call__
    await self.app(scope, receive, send)
  File "C:\Users\User\Desktop\币安量化测试\QuantDesk-NG\.venv\Lib\site-packages\starlette\middleware\trustedhost.py", line 51, in __call__
    await self.app(scope, receive, send)
  File "C:\Users\User\Desktop\币安量化测试\QuantDesk-NG\.venv\Lib\site-packages\starlette\middleware\exceptions.py", line 63, in __call__
    await wrap_app_handling_exceptions(self.app, conn)(scope, receive, send)
  File "C:\Users\User\Desktop\币安量化测试\QuantDesk-NG\.venv\Lib\site-packages\starlette\_exception_handler.py", line 53, in wrapped_app
    raise exc
  File "C:\Users\User\Desktop\币安量化测试\QuantDesk-NG\.venv\Lib\site-packages\starlette\_exception_handler.py", line 42, in wrapped_app
    await app(scope, receive, sender)
  File "C:\Users\User\Desktop\币安量化测试\QuantDesk-NG\.venv\Lib\site-packages\fastapi\middleware\asyncexitstack.py", line 18, in __call__
    await self.app(scope, receive, send)
  File "C:\Users\User\Desktop\币安量化测试\QuantDesk-NG\.venv\Lib\site-packages\starlette\routing.py", line 660, in __call__
    await self.middleware_stack(scope, receive, send)
  File "C:\Users\User\Desktop\币安量化测试\QuantDesk-NG\.venv\Lib\site-packages\fastapi\routing.py", line 2734, in app
    await route.handle(scope, receive, send)
  File "C:\Users\User\Desktop\币安量化测试\QuantDesk-NG\.venv\Lib\site-packages\fastapi\routing.py", line 1780, in handle
    await self.original_router.handle(scope, receive, send)
  File "C:\Users\User\Desktop\币安量化测试\QuantDesk-NG\.venv\Lib\site-packages\fastapi\routing.py", line 2789, in handle
    await included_router._handle_selected(scope, receive, send)
  File "C:\Users\User\Desktop\币安量化测试\QuantDesk-NG\.venv\Lib\site-packages\fastapi\routing.py", line 1800, in _handle_selected
    await original_route.handle(scope, receive, send)
  File "C:\Users\User\Desktop\币安量化测试\QuantDesk-NG\.venv\Lib\site-packages\fastapi\routing.py", line 1279, in handle
    await app(scope, receive, send)
  File "C:\Users\User\Desktop\币安量化测试\QuantDesk-NG\.venv\Lib\site-packages\fastapi\routing.py", line 158, in app
    await wrap_app_handling_exceptions(app, request)(scope, receive, send)
  File "C:\Users\User\Desktop\币安量化测试\QuantDesk-NG\.venv\Lib\site-packages\starlette\_exception_handler.py", line 53, in wrapped_app
    raise exc
  File "C:\Users\User\Desktop\币安量化测试\QuantDesk-NG\.venv\Lib\site-packages\starlette\_exception_handler.py", line 42, in wrapped_app
    await app(scope, receive, sender)
  File "C:\Users\User\Desktop\币安量化测试\QuantDesk-NG\.venv\Lib\site-packages\fastapi\routing.py", line 144, in app
    response = await f(request)
               ^^^^^^^^^^^^^^^^
  File "C:\Users\User\Desktop\币安量化测试\QuantDesk-NG\.venv\Lib\site-packages\fastapi\routing.py", line 706, in app
    raw_response = await run_endpoint_function(
                   ^^^^^^^^^^^^^^^^^^^^^^^^^^^^
  File "C:\Users\User\Desktop\币安量化测试\QuantDesk-NG\.venv\Lib\site-packages\fastapi\routing.py", line 354, in run_endpoint_function
    return await run_in_threadpool(dependant.call, **values)
           ^^^^^^^^^^^^^^^^^^^^^^^^^^^^^^^^^^^^^^^^^^^^^^^^^
  File "C:\Users\User\Desktop\币安量化测试\QuantDesk-NG\.venv\Lib\site-packages\starlette\concurrency.py", line 34, in run_in_threadpool
    return await anyio.to_thread.run_sync(func)
           ^^^^^^^^^^^^^^^^^^^^^^^^^^^^^^^^^^^^
  File "C:\Users\User\Desktop\币安量化测试\QuantDesk-NG\.venv\Lib\site-packages\anyio\to_thread.py", line 65, in run_sync
    return await get_async_backend().run_sync_in_worker_thread(
           ^^^^^^^^^^^^^^^^^^^^^^^^^^^^^^^^^^^^^^^^^^^^^^^^^^^^
  File "C:\Users\User\Desktop\币安量化测试\QuantDesk-NG\.venv\Lib\site-packages\anyio\_backends\_asyncio.py", line 2641, in run_sync_in_worker_thread
    return await future
           ^^^^^^^^^^^^
  File "C:\Users\User\Desktop\币安量化测试\QuantDesk-NG\.venv\Lib\site-packages\anyio\_backends\_asyncio.py", line 1033, in run
    result = context.run(func, *args)
             ^^^^^^^^^^^^^^^^^^^^^^^^
  File "C:\Users\User\Desktop\币安量化测试\QuantDesk-NG\src\quantdesk_v2\api.py", line 1360, in monitor_breadth
    return _monitor(request).breadth()
           ^^^^^^^^^^^^^^^^^^^^^^^^^^^
  File "C:\Users\User\Desktop\币安量化测试\QuantDesk-NG\src\quantdesk_v2\monitor.py", line 741, in breadth
    rows = self._query(
           ^^^^^^^^^^^^
  File "C:\Users\User\Desktop\币安量化测试\QuantDesk-NG\src\quantdesk_v2\monitor.py", line 317, in _query
    raise MonitorUnavailable("contract monitor data query failed") from exc
quantdesk_v2.monitor.MonitorUnavailable: contract monitor data query failed
ERROR:    Exception in ASGI application
Traceback (most recent call last):
  File "C:\Users\User\Desktop\币安量化测试\QuantDesk-NG\.venv\Lib\site-packages\sqlalchemy\engine\base.py", line 1969, in _exec_single_context
    self.dialect.do_execute(
  File "C:\Users\User\Desktop\币安量化测试\QuantDesk-NG\.venv\Lib\site-packages\sqlalchemy\engine\default.py", line 952, in do_execute
    cursor.execute(statement, parameters)
  File "C:\Users\User\Desktop\币安量化测试\QuantDesk-NG\.venv\Lib\site-packages\pymysql\cursors.py", line 159, in execute
    result = self._query(query)
             ^^^^^^^^^^^^^^^^^^
  File "C:\Users\User\Desktop\币安量化测试\QuantDesk-NG\.venv\Lib\site-packages\pymysql\cursors.py", line 330, in _query
    conn.query(q)
  File "C:\Users\User\Desktop\币安量化测试\QuantDesk-NG\.venv\Lib\site-packages\pymysql\connections.py", line 582, in query
    self._affected_rows = self._read_query_result(unbuffered=unbuffered)
                          ^^^^^^^^^^^^^^^^^^^^^^^^^^^^^^^^^^^^^^^^^^^^^^
  File "C:\Users\User\Desktop\币安量化测试\QuantDesk-NG\.venv\Lib\site-packages\pymysql\connections.py", line 847, in _read_query_result
    result.read()
  File "C:\Users\User\Desktop\币安量化测试\QuantDesk-NG\.venv\Lib\site-packages\pymysql\connections.py", line 1252, in read
    self._read_result_packet(first_packet)
  File "C:\Users\User\Desktop\币安量化测试\QuantDesk-NG\.venv\Lib\site-packages\pymysql\connections.py", line 1329, in _read_result_packet
    self._read_rowdata_packet()
  File "C:\Users\User\Desktop\币安量化测试\QuantDesk-NG\.venv\Lib\site-packages\pymysql\connections.py", line 1376, in _read_rowdata_packet
    packet = self.connection._read_packet()
             ^^^^^^^^^^^^^^^^^^^^^^^^^^^^^^
  File "C:\Users\User\Desktop\币安量化测试\QuantDesk-NG\.venv\Lib\site-packages\pymysql\connections.py", line 803, in _read_packet
    packet.raise_for_error()
  File "C:\Users\User\Desktop\币安量化测试\QuantDesk-NG\.venv\Lib\site-packages\pymysql\protocol.py", line 219, in raise_for_error
    err.raise_mysql_exception(self._data)
  File "C:\Users\User\Desktop\币安量化测试\QuantDesk-NG\.venv\Lib\site-packages\pymysql\err.py", line 154, in raise_mysql_exception
    raise errorclass(errno, errval, sqlstate=sqlstate)
pymysql.err.InternalError: (5, 'Out of memory (Needed 2097120 bytes)')

The above exception was the direct cause of the following exception:

Traceback (most recent call last):
  File "C:\Users\User\Desktop\币安量化测试\QuantDesk-NG\src\quantdesk_v2\monitor.py", line 315, in _query
    return [dict(row) for row in connection.execute(statement, values).mappings()]
                                 ^^^^^^^^^^^^^^^^^^^^^^^^^^^^^^^^^^^^^
  File "C:\Users\User\Desktop\币安量化测试\QuantDesk-NG\.venv\Lib\site-packages\sqlalchemy\engine\base.py", line 1421, in execute
    return meth(
           ^^^^^
  File "C:\Users\User\Desktop\币安量化测试\QuantDesk-NG\.venv\Lib\site-packages\sqlalchemy\sql\elements.py", line 526, in _execute_on_connection
    return connection._execute_clauseelement(
           ^^^^^^^^^^^^^^^^^^^^^^^^^^^^^^^^^^
  File "C:\Users\User\Desktop\币安量化测试\QuantDesk-NG\.venv\Lib\site-packages\sqlalchemy\engine\base.py", line 1643, in _execute_clauseelement
    ret = self._execute_context(
          ^^^^^^^^^^^^^^^^^^^^^^
  File "C:\Users\User\Desktop\币安量化测试\QuantDesk-NG\.venv\Lib\site-packages\sqlalchemy\engine\base.py", line 1848, in _execute_context
    return self._exec_single_context(
           ^^^^^^^^^^^^^^^^^^^^^^^^^^
  File "C:\Users\User\Desktop\币安量化测试\QuantDesk-NG\.venv\Lib\site-packages\sqlalchemy\engine\base.py", line 1988, in _exec_single_context
    self._handle_dbapi_exception(
  File "C:\Users\User\Desktop\币安量化测试\QuantDesk-NG\.venv\Lib\site-packages\sqlalchemy\engine\base.py", line 2365, in _handle_dbapi_exception
    raise sqlalchemy_exception.with_traceback(exc_info[2]) from e
  File "C:\Users\User\Desktop\币安量化测试\QuantDesk-NG\.venv\Lib\site-packages\sqlalchemy\engine\base.py", line 1969, in _exec_single_context
    self.dialect.do_execute(
  File "C:\Users\User\Desktop\币安量化测试\QuantDesk-NG\.venv\Lib\site-packages\sqlalchemy\engine\default.py", line 952, in do_execute
    cursor.execute(statement, parameters)
  File "C:\Users\User\Desktop\币安量化测试\QuantDesk-NG\.venv\Lib\site-packages\pymysql\cursors.py", line 159, in execute
    result = self._query(query)
             ^^^^^^^^^^^^^^^^^^
  File "C:\Users\User\Desktop\币安量化测试\QuantDesk-NG\.venv\Lib\site-packages\pymysql\cursors.py", line 330, in _query
    conn.query(q)
  File "C:\Users\User\Desktop\币安量化测试\QuantDesk-NG\.venv\Lib\site-packages\pymysql\connections.py", line 582, in query
    self._affected_rows = self._read_query_result(unbuffered=unbuffered)
                          ^^^^^^^^^^^^^^^^^^^^^^^^^^^^^^^^^^^^^^^^^^^^^^
  File "C:\Users\User\Desktop\币安量化测试\QuantDesk-NG\.venv\Lib\site-packages\pymysql\connections.py", line 847, in _read_query_result
    result.read()
  File "C:\Users\User\Desktop\币安量化测试\QuantDesk-NG\.venv\Lib\site-packages\pymysql\connections.py", line 1252, in read
    self._read_result_packet(first_packet)
  File "C:\Users\User\Desktop\币安量化测试\QuantDesk-NG\.venv\Lib\site-packages\pymysql\connections.py", line 1329, in _read_result_packet
    self._read_rowdata_packet()
  File "C:\Users\User\Desktop\币安量化测试\QuantDesk-NG\.venv\Lib\site-packages\pymysql\connections.py", line 1376, in _read_rowdata_packet
    packet = self.connection._read_packet()
             ^^^^^^^^^^^^^^^^^^^^^^^^^^^^^^
  File "C:\Users\User\Desktop\币安量化测试\QuantDesk-NG\.venv\Lib\site-packages\pymysql\connections.py", line 803, in _read_packet
    packet.raise_for_error()
  File "C:\Users\User\Desktop\币安量化测试\QuantDesk-NG\.venv\Lib\site-packages\pymysql\protocol.py", line 219, in raise_for_error
    err.raise_mysql_exception(self._data)
  File "C:\Users\User\Desktop\币安量化测试\QuantDesk-NG\.venv\Lib\site-packages\pymysql\err.py", line 154, in raise_mysql_exception
    raise errorclass(errno, errval, sqlstate=sqlstate)
sqlalchemy.exc.InternalError: (pymysql.err.InternalError) (5, 'Out of memory (Needed 2097120 bytes)')
[SQL: 
            SELECT s.symbol, s.score FROM scores s
            JOIN (SELECT symbol, MAX(open_time) mo FROM scores WHERE tf='1h' GROUP BY symbol) m
            ON s.symbol=m.symbol AND s.open_time=m.mo WHERE s.tf='1h'
            ]
(Background on this error at: https://sqlalche.me/e/20/2j85)

The above exception was the direct cause of the following exception:

Traceback (most recent call last):
  File "C:\Users\User\Desktop\币安量化测试\QuantDesk-NG\.venv\Lib\site-packages\uvicorn\protocols\http\httptools_impl.py", line 422, in run_asgi
    result = await app(  # type: ignore[func-returns-value]
             ^^^^^^^^^^^^^^^^^^^^^^^^^^^^^^^^^^^^^^^^^^^^^^
  File "C:\Users\User\Desktop\币安量化测试\QuantDesk-NG\.venv\Lib\site-packages\uvicorn\middleware\proxy_headers.py", line 63, in __call__
    return await self.app(scope, receive, send)
           ^^^^^^^^^^^^^^^^^^^^^^^^^^^^^^^^^^^^
  File "C:\Users\User\Desktop\币安量化测试\QuantDesk-NG\.venv\Lib\site-packages\fastapi\applications.py", line 1163, in __call__
    await super().__call__(scope, receive, send)
  File "C:\Users\User\Desktop\币安量化测试\QuantDesk-NG\.venv\Lib\site-packages\starlette\applications.py", line 90, in __call__
    await self.middleware_stack(scope, receive, send)
  File "C:\Users\User\Desktop\币安量化测试\QuantDesk-NG\.venv\Lib\site-packages\starlette\middleware\errors.py", line 186, in __call__
    raise exc
  File "C:\Users\User\Desktop\币安量化测试\QuantDesk-NG\.venv\Lib\site-packages\starlette\middleware\errors.py", line 164, in __call__
    await self.app(scope, receive, _send)
  File "C:\Users\User\Desktop\币安量化测试\QuantDesk-NG\.venv\Lib\site-packages\starlette\middleware\base.py", line 193, in __call__
    response = await self.dispatch_func(request, call_next)
               ^^^^^^^^^^^^^^^^^^^^^^^^^^^^^^^^^^^^^^^^^^^^
  File "C:\Users\User\Desktop\币安量化测试\QuantDesk-NG\src\quantdesk_v2\main.py", line 104, in dispatch
    response = await call_next(request)
               ^^^^^^^^^^^^^^^^^^^^^^^^
  File "C:\Users\User\Desktop\币安量化测试\QuantDesk-NG\.venv\Lib\site-packages\starlette\middleware\base.py", line 168, in call_next
    raise app_exc from app_exc.__cause__ or app_exc.__context__
  File "C:\Users\User\Desktop\币安量化测试\QuantDesk-NG\.venv\Lib\site-packages\starlette\middleware\base.py", line 144, in coro
    await self.app(scope, receive_or_disconnect, send_no_error)
  File "C:\Users\User\Desktop\币安量化测试\QuantDesk-NG\.venv\Lib\site-packages\starlette\middleware\cors.py", line 88, in __call__
    await self.app(scope, receive, send)
  File "C:\Users\User\Desktop\币安量化测试\QuantDesk-NG\.venv\Lib\site-packages\starlette\middleware\trustedhost.py", line 51, in __call__
    await self.app(scope, receive, send)
  File "C:\Users\User\Desktop\币安量化测试\QuantDesk-NG\.venv\Lib\site-packages\starlette\middleware\exceptions.py", line 63, in __call__
    await wrap_app_handling_exceptions(self.app, conn)(scope, receive, send)
  File "C:\Users\User\Desktop\币安量化测试\QuantDesk-NG\.venv\Lib\site-packages\starlette\_exception_handler.py", line 53, in wrapped_app
    raise exc
  File "C:\Users\User\Desktop\币安量化测试\QuantDesk-NG\.venv\Lib\site-packages\starlette\_exception_handler.py", line 42, in wrapped_app
    await app(scope, receive, sender)
  File "C:\Users\User\Desktop\币安量化测试\QuantDesk-NG\.venv\Lib\site-packages\fastapi\middleware\asyncexitstack.py", line 18, in __call__
    await self.app(scope, receive, send)
  File "C:\Users\User\Desktop\币安量化测试\QuantDesk-NG\.venv\Lib\site-packages\starlette\routing.py", line 660, in __call__
    await self.middleware_stack(scope, receive, send)
  File "C:\Users\User\Desktop\币安量化测试\QuantDesk-NG\.venv\Lib\site-packages\fastapi\routing.py", line 2734, in app
    await route.handle(scope, receive, send)
  File "C:\Users\User\Desktop\币安量化测试\QuantDesk-NG\.venv\Lib\site-packages\fastapi\routing.py", line 1780, in handle
    await self.original_router.handle(scope, receive, send)
  File "C:\Users\User\Desktop\币安量化测试\QuantDesk-NG\.venv\Lib\site-packages\fastapi\routing.py", line 2789, in handle
    await included_router._handle_selected(scope, receive, send)
  File "C:\Users\User\Desktop\币安量化测试\QuantDesk-NG\.venv\Lib\site-packages\fastapi\routing.py", line 1800, in _handle_selected
    await original_route.handle(scope, receive, send)
  File "C:\Users\User\Desktop\币安量化测试\QuantDesk-NG\.venv\Lib\site-packages\fastapi\routing.py", line 1279, in handle
    await app(scope, receive, send)
  File "C:\Users\User\Desktop\币安量化测试\QuantDesk-NG\.venv\Lib\site-packages\fastapi\routing.py", line 158, in app
    await wrap_app_handling_exceptions(app, request)(scope, receive, send)
  File "C:\Users\User\Desktop\币安量化测试\QuantDesk-NG\.venv\Lib\site-packages\starlette\_exception_handler.py", line 53, in wrapped_app
    raise exc
  File "C:\Users\User\Desktop\币安量化测试\QuantDesk-NG\.venv\Lib\site-packages\starlette\_exception_handler.py", line 42, in wrapped_app
    await app(scope, receive, sender)
  File "C:\Users\User\Desktop\币安量化测试\QuantDesk-NG\.venv\Lib\site-packages\fastapi\routing.py", line 144, in app
    response = await f(request)
               ^^^^^^^^^^^^^^^^
  File "C:\Users\User\Desktop\币安量化测试\QuantDesk-NG\.venv\Lib\site-packages\fastapi\routing.py", line 706, in app
    raw_response = await run_endpoint_function(
                   ^^^^^^^^^^^^^^^^^^^^^^^^^^^^
  File "C:\Users\User\Desktop\币安量化测试\QuantDesk-NG\.venv\Lib\site-packages\fastapi\routing.py", line 354, in run_endpoint_function
    return await run_in_threadpool(dependant.call, **values)
           ^^^^^^^^^^^^^^^^^^^^^^^^^^^^^^^^^^^^^^^^^^^^^^^^^
  File "C:\Users\User\Desktop\币安量化测试\QuantDesk-NG\.venv\Lib\site-packages\starlette\concurrency.py", line 34, in run_in_threadpool
    return await anyio.to_thread.run_sync(func)
           ^^^^^^^^^^^^^^^^^^^^^^^^^^^^^^^^^^^^
  File "C:\Users\User\Desktop\币安量化测试\QuantDesk-NG\.venv\Lib\site-packages\anyio\to_thread.py", line 65, in run_sync
    return await get_async_backend().run_sync_in_worker_thread(
           ^^^^^^^^^^^^^^^^^^^^^^^^^^^^^^^^^^^^^^^^^^^^^^^^^^^^
  File "C:\Users\User\Desktop\币安量化测试\QuantDesk-NG\.venv\Lib\site-packages\anyio\_backends\_asyncio.py", line 2641, in run_sync_in_worker_thread
    return await future
           ^^^^^^^^^^^^
  File "C:\Users\User\Desktop\币安量化测试\QuantDesk-NG\.venv\Lib\site-packages\anyio\_backends\_asyncio.py", line 1033, in run
    result = context.run(func, *args)
             ^^^^^^^^^^^^^^^^^^^^^^^^
  File "C:\Users\User\Desktop\币安量化测试\QuantDesk-NG\src\quantdesk_v2\api.py", line 1360, in monitor_breadth
    return _monitor(request).breadth()
           ^^^^^^^^^^^^^^^^^^^^^^^^^^^
  File "C:\Users\User\Desktop\币安量化测试\QuantDesk-NG\src\quantdesk_v2\monitor.py", line 741, in breadth
    rows = self._query(
           ^^^^^^^^^^^^
  File "C:\Users\User\Desktop\币安量化测试\QuantDesk-NG\src\quantdesk_v2\monitor.py", line 317, in _query
    raise MonitorUnavailable("contract monitor data query failed") from exc
quantdesk_v2.monitor.MonitorUnavailable: contract monitor data query failed
Exception in callback _ProactorBasePipeTransport._call_connection_lost(None)
handle: <Handle _ProactorBasePipeTransport._call_connection_lost(None)>
Traceback (most recent call last):
  File "C:\Program Files\Python312\Lib\asyncio\events.py", line 88, in _run
    self._context.run(self._callback, *self._args)
  File "C:\Program Files\Python312\Lib\asyncio\proactor_events.py", line 165, in _call_connection_lost
    self._sock.shutdown(socket.SHUT_RDWR)
ConnectionResetError: [WinError 10054] 远程主机强迫关闭了一个现有的连接。
ERROR:    Exception in ASGI application
Traceback (most recent call last):
  File "C:\Users\User\Desktop\币安量化测试\QuantDesk-NG\.venv\Lib\site-packages\sqlalchemy\engine\base.py", line 1969, in _exec_single_context
    self.dialect.do_execute(
  File "C:\Users\User\Desktop\币安量化测试\QuantDesk-NG\.venv\Lib\site-packages\sqlalchemy\engine\default.py", line 952, in do_execute
    cursor.execute(statement, parameters)
  File "C:\Users\User\Desktop\币安量化测试\QuantDesk-NG\.venv\Lib\site-packages\pymysql\cursors.py", line 159, in execute
    result = self._query(query)
             ^^^^^^^^^^^^^^^^^^
  File "C:\Users\User\Desktop\币安量化测试\QuantDesk-NG\.venv\Lib\site-packages\pymysql\cursors.py", line 330, in _query
    conn.query(q)
  File "C:\Users\User\Desktop\币安量化测试\QuantDesk-NG\.venv\Lib\site-packages\pymysql\connections.py", line 582, in query
    self._affected_rows = self._read_query_result(unbuffered=unbuffered)
                          ^^^^^^^^^^^^^^^^^^^^^^^^^^^^^^^^^^^^^^^^^^^^^^
  File "C:\Users\User\Desktop\币安量化测试\QuantDesk-NG\.venv\Lib\site-packages\pymysql\connections.py", line 847, in _read_query_result
    result.read()
  File "C:\Users\User\Desktop\币安量化测试\QuantDesk-NG\.venv\Lib\site-packages\pymysql\connections.py", line 1252, in read
    self._read_result_packet(first_packet)
  File "C:\Users\User\Desktop\币安量化测试\QuantDesk-NG\.venv\Lib\site-packages\pymysql\connections.py", line 1329, in _read_result_packet
    self._read_rowdata_packet()
  File "C:\Users\User\Desktop\币安量化测试\QuantDesk-NG\.venv\Lib\site-packages\pymysql\connections.py", line 1376, in _read_rowdata_packet
    packet = self.connection._read_packet()
             ^^^^^^^^^^^^^^^^^^^^^^^^^^^^^^
  File "C:\Users\User\Desktop\币安量化测试\QuantDesk-NG\.venv\Lib\site-packages\pymysql\connections.py", line 803, in _read_packet
    packet.raise_for_error()
  File "C:\Users\User\Desktop\币安量化测试\QuantDesk-NG\.venv\Lib\site-packages\pymysql\protocol.py", line 219, in raise_for_error
    err.raise_mysql_exception(self._data)
  File "C:\Users\User\Desktop\币安量化测试\QuantDesk-NG\.venv\Lib\site-packages\pymysql\err.py", line 154, in raise_mysql_exception
    raise errorclass(errno, errval, sqlstate=sqlstate)
pymysql.err.InternalError: (5, 'Out of memory (Needed 1048544 bytes)')

The above exception was the direct cause of the following exception:

Traceback (most recent call last):
  File "C:\Users\User\Desktop\币安量化测试\QuantDesk-NG\src\quantdesk_v2\monitor.py", line 315, in _query
    return [dict(row) for row in connection.execute(statement, values).mappings()]
                                 ^^^^^^^^^^^^^^^^^^^^^^^^^^^^^^^^^^^^^
  File "C:\Users\User\Desktop\币安量化测试\QuantDesk-NG\.venv\Lib\site-packages\sqlalchemy\engine\base.py", line 1421, in execute
    return meth(
           ^^^^^
  File "C:\Users\User\Desktop\币安量化测试\QuantDesk-NG\.venv\Lib\site-packages\sqlalchemy\sql\elements.py", line 526, in _execute_on_connection
    return connection._execute_clauseelement(
           ^^^^^^^^^^^^^^^^^^^^^^^^^^^^^^^^^^
  File "C:\Users\User\Desktop\币安量化测试\QuantDesk-NG\.venv\Lib\site-packages\sqlalchemy\engine\base.py", line 1643, in _execute_clauseelement
    ret = self._execute_context(
          ^^^^^^^^^^^^^^^^^^^^^^
  File "C:\Users\User\Desktop\币安量化测试\QuantDesk-NG\.venv\Lib\site-packages\sqlalchemy\engine\base.py", line 1848, in _execute_context
    return self._exec_single_context(
           ^^^^^^^^^^^^^^^^^^^^^^^^^^
  File "C:\Users\User\Desktop\币安量化测试\QuantDesk-NG\.venv\Lib\site-packages\sqlalchemy\engine\base.py", line 1988, in _exec_single_context
    self._handle_dbapi_exception(
  File "C:\Users\User\Desktop\币安量化测试\QuantDesk-NG\.venv\Lib\site-packages\sqlalchemy\engine\base.py", line 2365, in _handle_dbapi_exception
    raise sqlalchemy_exception.with_traceback(exc_info[2]) from e
  File "C:\Users\User\Desktop\币安量化测试\QuantDesk-NG\.venv\Lib\site-packages\sqlalchemy\engine\base.py", line 1969, in _exec_single_context
    self.dialect.do_execute(
  File "C:\Users\User\Desktop\币安量化测试\QuantDesk-NG\.venv\Lib\site-packages\sqlalchemy\engine\default.py", line 952, in do_execute
    cursor.execute(statement, parameters)
  File "C:\Users\User\Desktop\币安量化测试\QuantDesk-NG\.venv\Lib\site-packages\pymysql\cursors.py", line 159, in execute
    result = self._query(query)
             ^^^^^^^^^^^^^^^^^^
  File "C:\Users\User\Desktop\币安量化测试\QuantDesk-NG\.venv\Lib\site-packages\pymysql\cursors.py", line 330, in _query
    conn.query(q)
  File "C:\Users\User\Desktop\币安量化测试\QuantDesk-NG\.venv\Lib\site-packages\pymysql\connections.py", line 582, in query
    self._affected_rows = self._read_query_result(unbuffered=unbuffered)
                          ^^^^^^^^^^^^^^^^^^^^^^^^^^^^^^^^^^^^^^^^^^^^^^
  File "C:\Users\User\Desktop\币安量化测试\QuantDesk-NG\.venv\Lib\site-packages\pymysql\connections.py", line 847, in _read_query_result
    result.read()
  File "C:\Users\User\Desktop\币安量化测试\QuantDesk-NG\.venv\Lib\site-packages\pymysql\connections.py", line 1252, in read
    self._read_result_packet(first_packet)
  File "C:\Users\User\Desktop\币安量化测试\QuantDesk-NG\.venv\Lib\site-packages\pymysql\connections.py", line 1329, in _read_result_packet
    self._read_rowdata_packet()
  File "C:\Users\User\Desktop\币安量化测试\QuantDesk-NG\.venv\Lib\site-packages\pymysql\connections.py", line 1376, in _read_rowdata_packet
    packet = self.connection._read_packet()
             ^^^^^^^^^^^^^^^^^^^^^^^^^^^^^^
  File "C:\Users\User\Desktop\币安量化测试\QuantDesk-NG\.venv\Lib\site-packages\pymysql\connections.py", line 803, in _read_packet
    packet.raise_for_error()
  File "C:\Users\User\Desktop\币安量化测试\QuantDesk-NG\.venv\Lib\site-packages\pymysql\protocol.py", line 219, in raise_for_error
    err.raise_mysql_exception(self._data)
  File "C:\Users\User\Desktop\币安量化测试\QuantDesk-NG\.venv\Lib\site-packages\pymysql\err.py", line 154, in raise_mysql_exception
    raise errorclass(errno, errval, sqlstate=sqlstate)
sqlalchemy.exc.InternalError: (pymysql.err.InternalError) (5, 'Out of memory (Needed 1048544 bytes)')
[SQL: SELECT COUNT(*) active,
                      SUM(CASE WHEN status='confirmed' THEN 1 ELSE 0 END) confirmed,
                      COUNT(DISTINCT scanner_key) scanners
               FROM market_opportunities WHERE current_marker=1]
(Background on this error at: https://sqlalche.me/e/20/2j85)

The above exception was the direct cause of the following exception:

Traceback (most recent call last):
  File "C:\Users\User\Desktop\币安量化测试\QuantDesk-NG\.venv\Lib\site-packages\uvicorn\protocols\http\httptools_impl.py", line 422, in run_asgi
    result = await app(  # type: ignore[func-returns-value]
             ^^^^^^^^^^^^^^^^^^^^^^^^^^^^^^^^^^^^^^^^^^^^^^
  File "C:\Users\User\Desktop\币安量化测试\QuantDesk-NG\.venv\Lib\site-packages\uvicorn\middleware\proxy_headers.py", line 63, in __call__
    return await self.app(scope, receive, send)
           ^^^^^^^^^^^^^^^^^^^^^^^^^^^^^^^^^^^^
  File "C:\Users\User\Desktop\币安量化测试\QuantDesk-NG\.venv\Lib\site-packages\fastapi\applications.py", line 1163, in __call__
    await super().__call__(scope, receive, send)
  File "C:\Users\User\Desktop\币安量化测试\QuantDesk-NG\.venv\Lib\site-packages\starlette\applications.py", line 90, in __call__
    await self.middleware_stack(scope, receive, send)
  File "C:\Users\User\Desktop\币安量化测试\QuantDesk-NG\.venv\Lib\site-packages\starlette\middleware\errors.py", line 186, in __call__
    raise exc
  File "C:\Users\User\Desktop\币安量化测试\QuantDesk-NG\.venv\Lib\site-packages\starlette\middleware\errors.py", line 164, in __call__
    await self.app(scope, receive, _send)
  File "C:\Users\User\Desktop\币安量化测试\QuantDesk-NG\.venv\Lib\site-packages\starlette\middleware\base.py", line 193, in __call__
    response = await self.dispatch_func(request, call_next)
               ^^^^^^^^^^^^^^^^^^^^^^^^^^^^^^^^^^^^^^^^^^^^
  File "C:\Users\User\Desktop\币安量化测试\QuantDesk-NG\src\quantdesk_v2\main.py", line 104, in dispatch
    response = await call_next(request)
               ^^^^^^^^^^^^^^^^^^^^^^^^
  File "C:\Users\User\Desktop\币安量化测试\QuantDesk-NG\.venv\Lib\site-packages\starlette\middleware\base.py", line 168, in call_next
    raise app_exc from app_exc.__cause__ or app_exc.__context__
  File "C:\Users\User\Desktop\币安量化测试\QuantDesk-NG\.venv\Lib\site-packages\starlette\middleware\base.py", line 144, in coro
    await self.app(scope, receive_or_disconnect, send_no_error)
  File "C:\Users\User\Desktop\币安量化测试\QuantDesk-NG\.venv\Lib\site-packages\starlette\middleware\cors.py", line 88, in __call__
    await self.app(scope, receive, send)
  File "C:\Users\User\Desktop\币安量化测试\QuantDesk-NG\.venv\Lib\site-packages\starlette\middleware\trustedhost.py", line 51, in __call__
    await self.app(scope, receive, send)
  File "C:\Users\User\Desktop\币安量化测试\QuantDesk-NG\.venv\Lib\site-packages\starlette\middleware\exceptions.py", line 63, in __call__
    await wrap_app_handling_exceptions(self.app, conn)(scope, receive, send)
  File "C:\Users\User\Desktop\币安量化测试\QuantDesk-NG\.venv\Lib\site-packages\starlette\_exception_handler.py", line 53, in wrapped_app
    raise exc
  File "C:\Users\User\Desktop\币安量化测试\QuantDesk-NG\.venv\Lib\site-packages\starlette\_exception_handler.py", line 42, in wrapped_app
    await app(scope, receive, sender)
  File "C:\Users\User\Desktop\币安量化测试\QuantDesk-NG\.venv\Lib\site-packages\fastapi\middleware\asyncexitstack.py", line 18, in __call__
    await self.app(scope, receive, send)
  File "C:\Users\User\Desktop\币安量化测试\QuantDesk-NG\.venv\Lib\site-packages\starlette\routing.py", line 660, in __call__
    await self.middleware_stack(scope, receive, send)
  File "C:\Users\User\Desktop\币安量化测试\QuantDesk-NG\.venv\Lib\site-packages\fastapi\routing.py", line 2734, in app
    await route.handle(scope, receive, send)
  File "C:\Users\User\Desktop\币安量化测试\QuantDesk-NG\.venv\Lib\site-packages\fastapi\routing.py", line 1780, in handle
    await self.original_router.handle(scope, receive, send)
  File "C:\Users\User\Desktop\币安量化测试\QuantDesk-NG\.venv\Lib\site-packages\fastapi\routing.py", line 2789, in handle
    await included_router._handle_selected(scope, receive, send)
  File "C:\Users\User\Desktop\币安量化测试\QuantDesk-NG\.venv\Lib\site-packages\fastapi\routing.py", line 1800, in _handle_selected
    await original_route.handle(scope, receive, send)
  File "C:\Users\User\Desktop\币安量化测试\QuantDesk-NG\.venv\Lib\site-packages\fastapi\routing.py", line 1279, in handle
    await app(scope, receive, send)
  File "C:\Users\User\Desktop\币安量化测试\QuantDesk-NG\.venv\Lib\site-packages\fastapi\routing.py", line 158, in app
    await wrap_app_handling_exceptions(app, request)(scope, receive, send)
  File "C:\Users\User\Desktop\币安量化测试\QuantDesk-NG\.venv\Lib\site-packages\starlette\_exception_handler.py", line 53, in wrapped_app
    raise exc
  File "C:\Users\User\Desktop\币安量化测试\QuantDesk-NG\.venv\Lib\site-packages\starlette\_exception_handler.py", line 42, in wrapped_app
    await app(scope, receive, sender)
  File "C:\Users\User\Desktop\币安量化测试\QuantDesk-NG\.venv\Lib\site-packages\fastapi\routing.py", line 144, in app
    response = await f(request)
               ^^^^^^^^^^^^^^^^
  File "C:\Users\User\Desktop\币安量化测试\QuantDesk-NG\.venv\Lib\site-packages\fastapi\routing.py", line 706, in app
    raw_response = await run_endpoint_function(
                   ^^^^^^^^^^^^^^^^^^^^^^^^^^^^
  File "C:\Users\User\Desktop\币安量化测试\QuantDesk-NG\.venv\Lib\site-packages\fastapi\routing.py", line 354, in run_endpoint_function
    return await run_in_threadpool(dependant.call, **values)
           ^^^^^^^^^^^^^^^^^^^^^^^^^^^^^^^^^^^^^^^^^^^^^^^^^
  File "C:\Users\User\Desktop\币安量化测试\QuantDesk-NG\.venv\Lib\site-packages\starlette\concurrency.py", line 34, in run_in_threadpool
    return await anyio.to_thread.run_sync(func)
           ^^^^^^^^^^^^^^^^^^^^^^^^^^^^^^^^^^^^
  File "C:\Users\User\Desktop\币安量化测试\QuantDesk-NG\.venv\Lib\site-packages\anyio\to_thread.py", line 65, in run_sync
    return await get_async_backend().run_sync_in_worker_thread(
           ^^^^^^^^^^^^^^^^^^^^^^^^^^^^^^^^^^^^^^^^^^^^^^^^^^^^
  File "C:\Users\User\Desktop\币安量化测试\QuantDesk-NG\.venv\Lib\site-packages\anyio\_backends\_asyncio.py", line 2641, in run_sync_in_worker_thread
    return await future
           ^^^^^^^^^^^^
  File "C:\Users\User\Desktop\币安量化测试\QuantDesk-NG\.venv\Lib\site-packages\anyio\_backends\_asyncio.py", line 1033, in run
    result = context.run(func, *args)
             ^^^^^^^^^^^^^^^^^^^^^^^^
  File "C:\Users\User\Desktop\币安量化测试\QuantDesk-NG\src\quantdesk_v2\api.py", line 1368, in monitor_intelligence
    return _monitor(request).intelligence()
           ^^^^^^^^^^^^^^^^^^^^^^^^^^^^^^^^
  File "C:\Users\User\Desktop\币安量化测试\QuantDesk-NG\src\quantdesk_v2\monitor.py", line 788, in intelligence
    lifecycle_rows = self._query(
                     ^^^^^^^^^^^^
  File "C:\Users\User\Desktop\币安量化测试\QuantDesk-NG\src\quantdesk_v2\monitor.py", line 317, in _query
    raise MonitorUnavailable("contract monitor data query failed") from exc
quantdesk_v2.monitor.MonitorUnavailable: contract monitor data query failed
